Building for debugging...
[0/9] /private/tmp/otto-verify.3vozEO/otto/Packages/OttoPersistence/.build/arm64-apple-macosx/debug/OttoPersistencePackageTests.derived/runner.swift
[1/9] Write sources
[6/9] Write swift-version--712B243A65091274.txt
[8/39] Compiling OttoDomain SubscriptionStatus.swift
[9/39] Compiling OttoDomain SubscriptionTransitions.swift
[10/41] Compiling OttoDomain PlannedReminder.swift
[11/41] Compiling OttoDomain ReminderSchedule.swift
[12/41] Compiling OttoDomain CalendarDay.swift
[13/41] Compiling OttoDomain CancellationEpisode.swift
[14/41] Compiling OttoDomain Category.swift
[15/41] Compiling OttoDomain ZombieReport.swift
[16/41] Compiling OttoDomain BillingCycle.swift
[17/41] Compiling OttoDomain BillingEvent.swift
[18/41] Compiling OttoDomain ExportCoding.swift
[19/41] Compiling OttoDomain ExportFormat.swift
[20/41] Compiling OttoDomain ExportFormatRecords.swift
[21/41] Compiling OttoDomain BillingDates.swift
[22/41] Compiling OttoDomain ModeBDisambiguation.swift
[23/41] Compiling OttoDomain ChargesCSV.swift
[24/41] Compiling OttoDomain MonthlyEquivalent.swift
[25/41] Compiling OttoDomain PauseEpisode.swift
[26/41] Compiling OttoDomain PaymentMethod.swift
[27/41] Compiling OttoDomain TrialTerm.swift
[28/41] Compiling OttoDomain TodayOverview.swift
[29/41] Emitting module OttoDomain
[30/41] Compiling OttoDomain ExpectedCharges.swift
[31/41] Compiling OttoDomain NotificationPlanning.swift
[32/41] Compiling OttoDomain PaymentMethodOverview.swift
[33/41] Compiling OttoDomain PriceChange.swift
[34/41] Compiling OttoDomain Subscription.swift
[35/41] Compiling OttoDomain ImportResolution.swift
[36/41] Compiling OttoDomain OttoDataSnapshot.swift
[37/41] Compiling OttoDomain Insights.swift
[38/41] Compiling OttoDomain SlotBudget.swift
[39/41] Compiling OttoDomain Verification.swift
[40/49] Compiling OttoRepositories RepositoryError.swift
[41/49] Compiling OttoRepositories SubscriptionRepository.swift
[42/49] Compiling OttoRepositories PriceChangeRepository.swift
[43/49] Compiling OttoRepositories PaymentMethodRepository.swift
[44/49] Compiling OttoRepositories DataTransferRepository.swift
[45/49] Compiling OttoRepositories CancellationRepository.swift
[46/49] Compiling OttoRepositories BillingEventRepository.swift
[47/49] Emitting module OttoRepositories
[48/74] Compiling OttoPersistence BillingEventMapping.swift
[49/74] Compiling OttoPersistence CancellationEpisodeMapping.swift
[50/74] Compiling OttoPersistence MappingError.swift
[51/74] Compiling OttoPersistence StorageShapes.swift
[52/74] Compiling OttoPersistence SubscriptionMapping.swift
[53/74] Compiling OttoPersistence OttoStore+PaymentMethods.swift
[54/74] Compiling OttoPersistence OttoStore+PriceChanges.swift
[55/74] Compiling OttoPersistence StoredPaymentMethod.swift
[56/74] Compiling OttoPersistence StoredPriceChange.swift
[57/74] Compiling OttoPersistence StoredSubscription.swift
[58/74] Compiling OttoPersistence StoredTrialTerm.swift
[59/74] Compiling OttoPersistence OttoStore+Cancellations.swift
[60/74] Compiling OttoPersistence OttoStore+DataTransfer.swift
[61/74] Compiling OttoPersistence StoredCancellationEpisode.swift
[62/74] Compiling OttoPersistence StoredPauseEpisode.swift
[63/74] Compiling OttoPersistence OttoContainerFactory.swift
[64/74] Compiling OttoPersistence OttoStore+BillingEvents.swift
[65/74] Compiling OttoPersistence PauseEpisodeMapping.swift
[66/74] Compiling OttoPersistence PaymentMethodMapping.swift
[67/74] Compiling OttoPersistence PriceChangeMapping.swift
[68/74] Emitting module OttoPersistence
[69/74] Compiling OttoPersistence OttoSchemaV2.swift
[70/74] Compiling OttoPersistence StoredBillingEvent.swift
[71/74] Compiling OttoPersistence OttoMigrationPlan.swift
[72/74] Compiling OttoPersistence OttoSchemaV1.swift
[73/76] Compiling OttoPersistence OttoStore+Subscriptions.swift
[74/76] Compiling OttoPersistence OttoStore.swift
[75/88] Compiling OttoPersistenceTests SoftDeleteTests.swift
[76/88] Compiling OttoPersistenceTests PausedWatermarkTests.swift
[77/88] Compiling OttoPersistenceTests MappingFailureTests.swift
[78/88] Compiling OttoPersistenceTests RoundTripTests.swift
[79/88] Compiling OttoPersistenceTests StorageShapeTests.swift
[80/89] Compiling OttoPersistenceTests TestSupport.swift
[81/89] Compiling OttoPersistenceTests EpisodeStoreTests.swift
[82/89] Compiling OttoPersistenceTests CloudKitCompatibilityTests.swift
[83/89] Compiling OttoPersistenceTests MaterializationTests.swift
[84/89] Compiling OttoPersistenceTests MigrationTests.swift
[85/89] Compiling OttoPersistenceTests InvalidationTests.swift
[86/89] Emitting module OttoPersistenceTests
[87/89] Compiling OttoPersistenceTests DataTransferTests.swift
[88/91] Emitting module OttoPersistencePackageTests
[89/91] Compiling OttoPersistencePackageTests runner.swift
[89/91] Write Objects.LinkFileList
[90/91] Linking OttoPersistencePackageTests
Build complete! (13.15s)
Test Suite 'All tests' started at 2026-08-07 15:34:54.722.
Test Suite 'All tests' passed at 2026-08-07 15:34:54.724.
	 Executed 0 tests, with 0 failures (0 unexpected) in 0.000 (0.002) seconds
◇ Test run started.
↳ Testing Library Version: 1501
↳ Target Platform: arm64e-apple-macos14.0
◇ Suite "Round-trips: domain -> persistence -> domain, unchanged" started.
◇ Suite "The watermark and the pause (spec §5.2a/§5.3, v1.6)" started.
◇ Suite "Export and import against the real store (Wave 8)" started.
◇ Suite "The materialization watermark (spec §5.3, v1.5)" started.
◇ Suite "The watermark freezes on cancellation states (spec §5.3, §5.4)" started.
◇ Suite "BillingEvent materialization (spec §5.3)" started.
◇ Suite "Mapping failures: nil required fields throw in mapping, and reads skip the record" started.
◇ Suite "Soft deletes: default-filtered, retrievable on request, cascading" started.
◇ Suite "Invalidation never touches past-dated rows (spec §5.3, v1.8)" started.
◇ Suite "Storage shapes: yyyymmdd days and two-scalar cycles" started.
◇ Test "a manual resume backfills from the frozen watermark" started.
◇ Test "an indefinite pause freezes the watermark and leaves updatedAt alone" started.
◇ Suite "Schedule-change invalidation (spec §5.3)" started.
◇ Test "a gap between passes loses nothing: the second pass reaches back to the first pass's watermark" started.
◇ Test "an indefinite pause materializes nothing" started.
◇ Suite "Schema V1→V2 migration (spec §5.3a)" started.
◇ Suite "CloudKit compatibility (Wave 6 readiness)" started.
◇ Test "watermark writes never bump updatedAt - bookkeeping is not a user edit (spec §5.3, v1.6)" started.
◇ Suite "Cancellation episode storage (spec §5.3a)" started.
◇ Test "a pause with a known end materializes the resumed sequence while still paused (spec §5.2a, v1.6)" started.
◇ Test "an empty pass still advances the watermark: observing nothing is an observation" started.
◇ Test "the snapshot includes tombstones - a backup without them is not a backup" started.
◇ Test "an unreadable record fails the export loudly - a backup with a silent hole is worse than none" started.
◇ Test "a pre-v1.5 record (nil watermark) materializes from today once and carries a watermark thereafter" started.
◇ Test "a trial materializes exactly one event: the conversion charge, at the converted amount" started.
◇ Test "export, wipe, import: the restored store holds identical domain values" started.
◇ Test "materializing for an unsaved subscription is an explicit error" started.
◇ Test "a merge import leaves the stored watermark untouched (spec §5.3)" started.
◇ Test "a pass during a dated pause advances the watermark safely - the resumed rows exist first" started.
◇ Test "the stored watermark governs, not the caller's snapshot - a stale domain value cannot reopen the window" started.
◇ Test "a pending cancellation materializes nothing and leaves the watermark alone" started.
◇ Test "a converted trial materializes the paid sequence from its conversion anchor (spec §5.2a)" started.
◇ Test "the reminder window governs: the lead days widen the charge window beyond the horizon" started.
◇ Test "pause ending Sep 1, app unopened until Oct 15: both vendor charges get their rows" started.
◇ Test "an anchor beyond the window produces nothing - rows past the window do not exist" started.
◇ Test "a single-record fetch treats an unmappable record as absent" started.
◇ Test "a row dated today survives an edit too - whether today's charge landed is unknowable" started.
◇ Test "a snapshot the store cannot hold is refused before anything is touched" started.
◇ Test "un-cancel then next pass: every charge date the watch covered gets its row" started.
◇ Test "a soft-deleted history row is never resurrected by re-materialization" started.
◇ Test "a longer horizon on a later run creates only the missing rows" started.
◇ Test "a price edit tombstones only FUTURE old-amount rows - an unacknowledged past row is history" started.
◇ Test "a charge landing today is materialized - today is inside the window" started.
◇ Test "a cascade never overwrites an earlier tombstone's instant" started.
◇ Test "a trial converting beyond the window materializes nothing yet" started.
◇ Test "a record holding an impossible date throws .invalidValue from the mapping layer" started.
◇ Test "a list read skips the unmappable record and returns the rest" started.
◇ Test "deleting a subscription that was never saved is an explicit error" started.
◇ Test "a deleted payment method is filtered and retrievable the same way" started.
◇ Test "a stored .trial subscription with no trial term is refused by mapping (spec §5.2b)" started.
◇ Test "a record missing a required field throws .missingField from the mapping layer" started.
◇ Test "an unknown enum raw string throws .invalidValue - never a silent fallback" started.
◇ Test "a truncated or corrupted file leaves the database exactly as it was" started.
◇ Test "cancellation and archived statuses materialize nothing" started.
◇ Test "deleting an already-deleted subscription keeps the original instant" started.
◇ Test "a saved cancellation record clears any tombstone - the slot is live again" started.
◇ Test "whatever the list read drops, the unreadable count reports (spec §5.2b, v1.4)" started.
◇ Test "one bad billing event does not take down the subscription's ledger read" started.
◇ Test "the founding scenario at the ledger layer: a conversion behind today on the FIRST pass still gets its row" started.
◇ Test "rows are created for every billing date inside the window and none beyond it" started.
◇ Test "an every-45-days custom cycle survives the two-scalar form" started.
◇ Test "billing cycles survive the two-scalar form exactly" started.
◇ Test "a stored impossible date is a mapping error, not a crash" started.
◇ Test "a subscription whose trial record is unmappable is itself skipped, not half-loaded" started.
◇ Test "deleting a subscription cascades soft deletes to every child record" started.
◇ Test "re-running is idempotent and creates no duplicates" started.
◇ Test "edge dates survive actual storage, not just the encoding" started.
◇ Test "a deleted subscription vanishes from normal reads and stays retrievable as a tombstone" started.
◇ Test "unknown units and impossible intervals are mapping errors" started.
◇ Test "calendar days survive the yyyymmdd form exactly, including edge dates" started.
◇ Test "a minimal subscription - every optional nil - survives unchanged" started.
◇ Test "impossible yyyymmdd values decode to nil, not garbage" started.
◇ Test "a billing event survives unchanged" started.
CoreData: error: Attempting to retrieve an NSManagedObjectModel version checksum while the model is still editable. This may result in an unstable verison checksum. Add model to NSPersistentStoreCoordinator and try again.
◇ Test "a cancellation record survives unchanged" started.
◇ Test "a billing event for an unsaved subscription is refused" started.
◇ Test "removing the trial on save soft-deletes its record, and a re-added trial reuses it" started.
◇ Test "a payment method survives unchanged" started.
◇ Test "a fully populated subscription with a trial survives unchanged" started.
◇ Test "saving twice updates in place rather than duplicating" started.
◇ Test "a price change survives unchanged" started.
◇ Test case passing 1 argument status → .cancellationPending to "cancellation and archived statuses materialize nothing" started.
◇ Test case passing 1 argument status → .cancelled to "cancellation and archived statuses materialize nothing" started.
◇ Test case passing 1 argument status → .archived to "cancellation and archived statuses materialize nothing" started.
◇ Test "an unconverted trial's conversion row survives only while it matches the term" started.
◇ Test "a dated pause invalidates only the rows inside the pause - the resumed sequence keeps its rows (spec §5.2a, v1.6)" started.
◇ Test "an unchanged schedule invalidates nothing - the operation is idempotent" started.
◇ Test "a transition into a non-expecting status invalidates every .upcoming row (spec §5.3, v1.4)" started.
◇ Test "rows in any state but .upcoming are never touched - a confirmed charge is history" started.
◇ Test "an anchor edit tombstones every old-sequence row and only those" started.
◇ Test "resuming from .paused re-materializes - tombstoned .upcoming rows never block (spec §5.3)" started.
◇ Test "an indefinite pause invalidates every .upcoming row (spec §5.3, v1.4/v1.6)" started.
◇ Test "a price edit invalidates the old-amount rows, and re-materialization writes the new ones" started.
◇ Test "a pre-8.5 store migrates its pause fields and cancellation slot into episodes, losslessly" started.
◇ Test "no attribute is unique, and every attribute is optional or has a default" started.
◇ Test "the schema actually contains all seven models - the assertions above cover everything" started.
◇ Test "every relationship is optional, has an explicit inverse, and never denies deletes" started.
◇ Test "episodes accumulate per subscription; the open one is the current watch" started.
◇ Test "a subscription's pause history round-trips: closed and open episodes, every field" started.
◇ Test case passing 1 argument original → BillingCycle(unit: OttoDomain.BillingCycle.Unit.month, interval: 1) to "billing cycles survive the two-scalar form exactly" started.
◇ Test case passing 1 argument original → BillingCycle(unit: OttoDomain.BillingCycle.Unit.month, interval: 3) to "billing cycles survive the two-scalar form exactly" started.
◇ Test case passing 1 argument original → BillingCycle(unit: OttoDomain.BillingCycle.Unit.year, interval: 1) to "billing cycles survive the two-scalar form exactly" started.
◇ Test case passing 1 argument original → BillingCycle(unit: OttoDomain.BillingCycle.Unit.week, interval: 1) to "billing cycles survive the two-scalar form exactly" started.
◇ Test case passing 1 argument original → BillingCycle(unit: OttoDomain.BillingCycle.Unit.week, interval: 2) to "billing cycles survive the two-scalar form exactly" started.
◇ Test case passing 1 argument original → BillingCycle(unit: OttoDomain.BillingCycle.Unit.month, interval: 6) to "billing cycles survive the two-scalar form exactly" started.
◇ Test case passing 4 arguments year → 2026, month → 8, dayOfMonth → 6, encoded → 20260806 to "calendar days survive the yyyymmdd form exactly, including edge dates" started.
◇ Test case passing 4 arguments year → 2024, month → 2, dayOfMonth → 29, encoded → 20240229 to "calendar days survive the yyyymmdd form exactly, including edge dates" started.
◇ Test case passing 1 argument encoded → 20260230 to "impossible yyyymmdd values decode to nil, not garbage" started.
◇ Test case passing 1 argument encoded → 20261301 to "impossible yyyymmdd values decode to nil, not garbage" started.
◇ Test case passing 4 arguments year → 2026, month → 12, dayOfMonth → 31, encoded → 20261231 to "calendar days survive the yyyymmdd form exactly, including edge dates" started.
◇ Test case passing 1 argument encoded → 20260800 to "impossible yyyymmdd values decode to nil, not garbage" started.
◇ Test case passing 1 argument encoded → 0 to "impossible yyyymmdd values decode to nil, not garbage" started.
◇ Test case passing 1 argument encoded → -20260806 to "impossible yyyymmdd values decode to nil, not garbage" started.
◇ Test case passing 4 arguments year → 2027, month → 1, dayOfMonth → 1, encoded → 20270101 to "calendar days survive the yyyymmdd form exactly, including edge dates" started.
◇ Test case passing 1 argument encoded → 101 to "impossible yyyymmdd values decode to nil, not garbage" started.
◇ Test case passing 4 arguments year → 1, month → 1, dayOfMonth → 1, encoded → 10101 to "calendar days survive the yyyymmdd form exactly, including edge dates" started.
◇ Test case passing 4 arguments year → 9999, month → 12, dayOfMonth → 31, encoded → 99991231 to "calendar days survive the yyyymmdd form exactly, including edge dates" started.
✔ Test "a record missing a required field throws .missingField from the mapping layer" passed after 0.179 seconds.
◇ Test case passing 1 argument status → .cancellationPending to "a transition into a non-expecting status invalidates every .upcoming row (spec §5.3, v1.4)" started.
◇ Test case passing 1 argument status → .cancelled to "a transition into a non-expecting status invalidates every .upcoming row (spec §5.3, v1.4)" started.
◇ Test case passing 1 argument status → .archived to "a transition into a non-expecting status invalidates every .upcoming row (spec §5.3, v1.4)" started.
✔ Test "an every-45-days custom cycle survives the two-scalar form" passed after 0.216 seconds.
✔ Test "billing cycles survive the two-scalar form exactly" with 6 test cases passed after 0.216 seconds.
✔ Test "a stored impossible date is a mapping error, not a crash" passed after 0.216 seconds.
✔ Test "unknown units and impossible intervals are mapping errors" passed after 0.220 seconds.
✔ Test "calendar days survive the yyyymmdd form exactly, including edge dates" with 6 test cases passed after 0.220 seconds.
✔ Test "impossible yyyymmdd values decode to nil, not garbage" with 6 test cases passed after 0.220 seconds.
✔ Test "a single-record fetch treats an unmappable record as absent" passed after 0.226 seconds.
✔ Test "materializing for an unsaved subscription is an explicit error" passed after 0.227 seconds.
✔ Test "a list read skips the unmappable record and returns the rest" passed after 0.228 seconds.
✔ Test "a record holding an impossible date throws .invalidValue from the mapping layer" passed after 0.230 seconds.
✔ Test "no attribute is unique, and every attribute is optional or has a default" passed after 0.112 seconds.
✔ Test "the schema actually contains all seven models - the assertions above cover everything" passed after 0.112 seconds.
✔ Test "every relationship is optional, has an explicit inverse, and never denies deletes" passed after 0.112 seconds.
✔ Test "deleting a subscription that was never saved is an explicit error" passed after 0.232 seconds.
✔ Test "an unknown enum raw string throws .invalidValue - never a silent fallback" passed after 0.233 seconds.
✔ Test "a pause with a known end materializes the resumed sequence while still paused (spec §5.2a, v1.6)" passed after 0.235 seconds.
✔ Test "an unreadable record fails the export loudly - a backup with a silent hole is worse than none" passed after 0.236 seconds.
✔ Test "a pending cancellation materializes nothing and leaves the watermark alone" passed after 0.237 seconds.
✔ Test "a converted trial materializes the paid sequence from its conversion anchor (spec §5.2a)" passed after 0.237 seconds.
✔ Test "an anchor beyond the window produces nothing - rows past the window do not exist" passed after 0.237 seconds.
✔ Test "pause ending Sep 1, app unopened until Oct 15: both vendor charges get their rows" passed after 0.237 seconds.
✔ Test "a minimal subscription - every optional nil - survives unchanged" passed after 0.237 seconds.
✔ Test "a trial converting beyond the window materializes nothing yet" passed after 0.238 seconds.
✔ Test "a charge landing today is materialized - today is inside the window" passed after 0.238 seconds.
✔ Test "a billing event for an unsaved subscription is refused" passed after 0.209 seconds.
✔ Test "a payment method survives unchanged" passed after 0.206 seconds.
✔ Test "a fully populated subscription with a trial survives unchanged" passed after 0.206 seconds.
✔ Test "a stored .trial subscription with no trial term is refused by mapping (spec §5.2b)" passed after 0.239 seconds.
✔ Test "an indefinite pause freezes the watermark and leaves updatedAt alone" passed after 0.240 seconds.
✔ Test "an indefinite pause materializes nothing" passed after 0.240 seconds.
✔ Test "the founding scenario at the ledger layer: a conversion behind today on the FIRST pass still gets its row" passed after 0.240 secerror: Exited with unexpected signal code 5
onds.
✔ Test "watermark writes never bump updatedAt - bookkeeping is not a user edit (spec §5.3, v1.6)" passed after 0.241 seconds.
✔ Test "an empty pass still advances the watermark: observing nothing is an observation" passed after 0.241 seconds.
✔ Test "a subscription whose trial record is unmappable is itself skipped, not half-loaded" passed after 0.240 seconds.
✔ Test "a pre-v1.5 record (nil watermark) materializes from today once and carries a watermark thereafter" passed after 0.241 seconds.
✔ Test "a pass during a dated pause advances the watermark safely - the resumed rows exist first" passed after 0.241 seconds.
✔ Test "edge dates survive actual storage, not just the encoding" passed after 0.241 seconds.
✔ Test "the stored watermark governs, not the caller's snapshot - a stale domain value cannot reopen the window" passed after 0.242 seconds.
✔ Test "the reminder window governs: the lead days widen the charge window beyond the horizon" passed after 0.242 seconds.
✔ Test "whatever the list read drops, the unreadable count reports (spec §5.2b, v1.4)" passed after 0.243 seconds.
✔ Suite "CloudKit compatibility (Wave 6 readiness)" passed after 0.244 seconds.
✔ Test "a billing event survives unchanged" passed after 0.243 seconds.
✔ Test "a longer horizon on a later run creates only the missing rows" passed after 0.243 seconds.
✔ Test "a cancellation record survives unchanged" passed after 0.222 seconds.
✔ Test "saving twice updates in place rather than duplicating" passed after 0.211 seconds.
✔ Test "a price change survives unchanged" passed after 0.190 seconds.
✔ Test "cancellation and archived statuses materialize nothing" with 3 test cases passed after 0.243 seconds.
✔ Test "a cascade never overwrites an earlier tombstone's instant" passed after 0.244 seconds.
✔ Test "one bad billing event does not take down the subscription's ledger read" passed after 0.244 seconds.
✔ Test "deleting an already-deleted subscription keeps the original instant" passed after 0.244 seconds.
✔ Test "a manual resume backfills from the frozen watermark" passed after 0.245 seconds.
✔ Test "rows are created for every billing date inside the window and none beyond it" passed after 0.245 seconds.
✔ Test "a gap between passes loses nothing: the second pass reaches back to the first pass's watermark" passed after 0.245 seconds.
✔ Test "a trial materializes exactly one event: the conversion charge, at the converted amount" passed after 0.245 seconds.
✔ Test "a deleted payment method is filtered and retrievable the same way" passed after 0.247 seconds.
✔ Test "a soft-deleted history row is never resurrected by re-materialization" passed after 0.247 seconds.
✔ Suite "The watermark and the pause (spec §5.2a/§5.3, v1.6)" passed after 0.248 seconds.
✔ Suite "Storage shapes: yyyymmdd days and two-scalar cycles" passed after 0.248 seconds.
✔ Test "a deleted subscription vanishes from normal reads and stays retrievable as a tombstone" passed after 0.249 seconds.
✔ Test "a saved cancellation record clears any tombstone - the slot is live again" passed after 0.249 seconds.
✔ Test "a row dated today survives an edit too - whether today's charge landed is unknowable" passed after 0.250 seconds.
✔ Suite "Mapping failures: nil required fields throw in mapping, and reads skip the record" passed after 0.250 seconds.
✔ Test "re-running is idempotent and creates no duplicates" passed after 0.250 seconds.
✔ Test "an unchanged schedule invalidates nothing - the operation is idempotent" passed after 0.130 seconds.
✔ Suite "The materialization watermark (spec §5.3, v1.5)" passed after 0.251 seconds.
SwiftData/ModelCoders.swift:1503: Fatal error: Cannot find pauseEndsOn because it is not known to this model type: SwiftData._KKMDBackingData<OttoPersistence.OttoSchemaV2.StoredSubscription>
